// Jest Snapshot v1, https://goo.gl/fbAQLP

exports[`Countdown matches snapshot for icon 1`] = `
<DocumentFragment>
  <svg
    height="28"
    width="28"
  >
    <circle
      class="circle"
      cx="14"
      cy="14"
      fill-opacity="0"
      r="12"
      stroke="#eaeaea"
      stroke-width="2"
    />
    <circle
      cx="14"
      cy="14"
      fill-opacity="0"
      r="12"
      stroke="#01D0A2"
      stroke-width="2"
    />
  </svg>
</DocumentFragment>
`;
